1. На локальном репозитории сделать ветки для:
- Postman
- Jmeter
- CheckLists
- Bag Reports
- SQL
- Charles
- Mobile testing

MAKS@DESKTOP-1SB73TM MINGW64 /e/Course_VKsendzov/bash/Course_VKsendzov_GIT (main)
$ git branch Postman

MAKS@DESKTOP-1SB73TM MINGW64 /e/Course_VKsendzov/bash/Course_VKsendzov_GIT (main)
$ git branch
  Postman
* main

MAKS@DESKTOP-1SB73TM MINGW64 /e/Course_VKsendzov/bash/Course_VKsendzov_GIT (main)
$ git branch Jmeter

MAKS@DESKTOP-1SB73TM MINGW64 /e/Course_VKsendzov/bash/Course_VKsendzov_GIT (main)
$ git branch CheckList

MAKS@DESKTOP-1SB73TM MINGW64 /e/Course_VKsendzov/bash/Course_VKsendzov_GIT (main)
$ git branch Bag_Report

MAKS@DESKTOP-1SB73TM MINGW64 /e/Course_VKsendzov/bash/Course_VKsendzov_GIT (main)
$ git branch SQL

MAKS@DESKTOP-1SB73TM MINGW64 /e/Course_VKsendzov/bash/Course_VKsendzov_GIT (main)
$ git branch Charles

MAKS@DESKTOP-1SB73TM MINGW64 /e/Course_VKsendzov/bash/Course_VKsendzov_GIT (main)
$ git branch Mobile_testing

2. Запушить все ветки на внешний репозиторий

MAKS@DESKTOP-1SB73TM MINGW64 /e/Course_VKsendzov/bash/Course_VKsendzov_GIT (main)
$ git push -u --all
Total 0 (delta 0), reused 0 (delta 0), pack-reused 0
To https://github.com/K-Maks/Course_VKsendzov_GIT.git
 * [new branch]      Bag_Reports -> Bag_Reports
 * [new branch]      Charles -> Charles
 * [new branch]      CheckLists -> CheckLists
 * [new branch]      Jmeter -> Jmeter
 * [new branch]      Mobile_testing -> Mobile_testing
 * [new branch]      Postman -> Postman
 * [new branch]      SQL -> SQL
branch 'main' set up to track 'origin/main'.
branch 'Bag_Reports' set up to track 'origin/Bag_Reports'.
branch 'Charles' set up to track 'origin/Charles'.
branch 'CheckLists' set up to track 'origin/CheckLists'.
branch 'Jmeter' set up to track 'origin/Jmeter'.
branch 'Mobile_testing' set up to track 'origin/Mobile_testing'.
branch 'Postman' set up to track 'origin/Postman'.
branch 'SQL' set up to track 'origin/SQL'.

3. В ветке Bag Reports сделать текстовый документ со структурой баг репорта

MAKS@DESKTOP-1SB73TM MINGW64 /e/Course_VKsendzov/bash/Course_VKsendzov_GIT (Bag_Reports)
$ cat > bag_report_structure.txt
Bug template:
Author:
Bug_id:
Title:
Severity:
Priority:
Environment:
Precondition:
STR:
AR:
ER:
Attachmant:

4. Запушить структуру багрепорта на внешний репозиторий

MAKS@DESKTOP-1SB73TM MINGW64 /e/Course_VKsendzov/bash/Course_VKsendzov_GIT (Bag_Reports)
$ git add bag_report_structure.txt
warning: LF will be replaced by CRLF in bag_report_structure.txt.
The file will have its original line endings in your working directory

MAKS@DESKTOP-1SB73TM MINGW64 /e/Course_VKsendzov/bash/Course_VKsendzov_GIT (Bag_Reports)
$ git commit -m 'add bag_report_structure.txt'
[Bag_Reports e7db1ca] add bag_report_structure.txt
 1 file changed, 11 insertions(+)
 create mode 100644 bag_report_structure.txt

MAKS@DESKTOP-1SB73TM MINGW64 /e/Course_VKsendzov/bash/Course_VKsendzov_GIT (Bag_Reports)
$ git push
Enumerating objects: 4, done.
Counting objects: 100% (4/4), done.
Delta compression using up to 2 threads
Compressing objects: 100% (3/3), done.
Writing objects: 100% (3/3), 384 bytes | 192.00 KiB/s, done.
Total 3 (delta 1), reused 1 (delta 0), pack-reused 0
remote: Resolving deltas: 100% (1/1), completed with 1 local object.
To https://github.com/K-Maks/Course_VKsendzov_GIT.git
   46aff2f..e7db1ca  Bag_Reports -> Bag_Reports

5. Вмержить ветку Bag Reports в Main

MAKS@DESKTOP-1SB73TM MINGW64 /e/Course_VKsendzov/bash/Course_VKsendzov_GIT (Bag_Reports)
$ git checkout main
Switched to branch 'main'
Your branch is up to date with 'origin/main'.

MAKS@DESKTOP-1SB73TM MINGW64 /e/Course_VKsendzov/bash/Course_VKsendzov_GIT (main)
$ git merge Bag_Reports -m 'add bag_report_structure'
Updating 46aff2f..e7db1ca
Fast-forward (no commit created; -m option ignored)
 bag_report_structure.txt | 11 +++++++++++
 1 file changed, 11 insertions(+)
 create mode 100644 bag_report_structure.txt

6. Запушить main на внешний репозиторий.

MAKS@DESKTOP-1SB73TM MINGW64 /e/Course_VKsendzov/bash/Course_VKsendzov_GIT (main)
$ git push
Total 0 (delta 0), reused 0 (delta 0), pack-reused 0
To https://github.com/K-Maks/Course_VKsendzov_GIT.git
   46aff2f..e7db1ca  main -> main

7. В ветке CheckLists набросать структуру чек листа.

MAKS@DESKTOP-1SB73TM MINGW64 /e/Course_VKsendzov/bash/Course_VKsendzov_GIT (main)
$ git checkout CheckLists
Switched to branch 'CheckLists'
Your branch is up to date with 'origin/CheckLists'.

MAKS@DESKTOP-1SB73TM MINGW64 /e/Course_VKsendzov/bash/Course_VKsendzov_GIT (CheckLists)
$ cat > checklist_structure.txt
ID
Task
Status (Passed, Failed, Blocked, In Progress, Not run, Skipped)
Coments

8. Запушить структуру на внешний репозиторий

MAKS@DESKTOP-1SB73TM MINGW64 /e/Course_VKsendzov/bash/Course_VKsendzov_GIT (CheckLists)
$ git add checklist_structure.txt
warning: LF will be replaced by CRLF in checklist_structure.txt.
The file will have its original line endings in your working directory

MAKS@DESKTOP-1SB73TM MINGW64 /e/Course_VKsendzov/bash/Course_VKsendzov_GIT (CheckLists)
$ git commit -m 'add checklist_structure.txt'
[CheckLists dab7bdb] add checklist_structure.txt
 1 file changed, 4 insertions(+)
 create mode 100644 checklist_structure.txt

MAKS@DESKTOP-1SB73TM MINGW64 /e/Course_VKsendzov/bash/Course_VKsendzov_GIT (CheckLists)
$ git push
Enumerating objects: 4, done.
Counting objects: 100% (4/4), done.
Delta compression using up to 2 threads
Compressing objects: 100% (3/3), done.
Writing objects: 100% (3/3), 382 bytes | 127.00 KiB/s, done.
Total 3 (delta 1), reused 0 (delta 0), pack-reused 0
remote: Resolving deltas: 100% (1/1), completed with 1 local object.
To https://github.com/K-Maks/Course_VKsendzov_GIT.git
   46aff2f..dab7bdb  CheckLists -> CheckLists

9. На внешнем репозитории сделать Pull Request ветки CheckLists в main

Перейти на сайт GitHub
Войти в личный кабинет
Выбрать нужный репозиторий
Перейти на вкладку Pull request
Нaжать на кнопку Compare & pull request
В окне описания реквеста указать название реквеста и нажать на кнопку Create pull request
В открывшемся окне на вкладке  Conversation нажать кнопку Merge pull request и кнопку Confirm merge

10. Синхронизировать Внешнюю и Локальную ветки Main

MAKS@DESKTOP-1SB73TM MINGW64 /e/Course_VKsendzov/bash/Course_VKsendzov_GIT (CheckLists)
$ git checkout main
Switched to branch 'main'
Your branch is up to date with 'origin/main'.

MAKS@DESKTOP-1SB73TM MINGW64 /e/Course_VKsendzov/bash/Course_VKsendzov_GIT (main)
$ git fetch
remote: Enumerating objects: 4, done.
remote: Counting objects: 100% (4/4), done.
remote: Compressing objects: 100% (2/2), done.
remote: Total 2 (delta 1), reused 0 (delta 0), pack-reused 0
Unpacking objects: 100% (2/2), 718 bytes | 9.00 KiB/s, done.
From https://github.com/K-Maks/Course_VKsendzov_GIT
   e7db1ca..f51d019  main       -> origin/main

MAKS@DESKTOP-1SB73TM MINGW64 /e/Course_VKsendzov/bash/Course_VKsendzov_GIT (main)
$ git pull
Updating e7db1ca..f51d019
Fast-forward
 checklist_structure.txt | 4 ++++
 1 file changed, 4 insertions(+)
 create mode 100644 checklist_structure.txt