1) Проверяем данные пользователя

MAKS@DESKTOP-1SB73TM MINGW64 /e/Course_VKsendzov/bash/Course_VKsendzov_GIT (main)
$ git config --global user.email
kosilovmaksims@gmail.com

MAKS@DESKTOP-1SB73TM MINGW64 /e/Course_VKsendzov/bash/Course_VKsendzov_GIT (main)
$ git config --global user.name
K-Maks

2) Клонируем удалённый репозиторий в рабочую папку

MAKS@DESKTOP-1SB73TM MINGW64 /e/Course_VKsendzov/bash
$ git clone https://github.com/K-Maks/Course_VKsendzov_GIT.git
Cloning into 'Course_VKsendzov_GIT'...
remote: Enumerating objects: 3, done.
remote: Counting objects: 100% (3/3), done.
remote: Total 3 (delta 0), reused 0 (delta 0), pack-reused 0
Receiving objects: 100% (3/3), done.

3)Проверяем содержимое рабочей папки

MAKS@DESKTOP-1SB73TM MINGW64 /e/Course_VKsendzov/bash
$ ls -la
total 10241
drwxr-xr-x 1 MAKS 197121     0 May 27 10:36  ./
drwxr-xr-x 1 MAKS 197121     0 May 19 10:03  ../
drwxr-xr-x 1 MAKS 197121     0 May 27 10:35  Course_VKsendzov_GIT/
-rw-r--r-- 1 MAKS 197121 12012 May 19 20:54  HW1.txt
-rw-r--r-- 1 MAKS 197121  1664 May 19 19:52  HW1_additional.txt
drwxr-xr-x 1 MAKS 197121     0 May 19 20:39  papka1/
drwxr-xr-x 1 MAKS 197121     0 May 19 10:22  papka2/
drwxr-xr-x 1 MAKS 197121     0 May 19 10:24  papka3/
-rwxr-xr-x 1 MAKS 197121   307 May 19 17:19  scrit.sh*
-rw-r--r-- 1 MAKS 197121  8111 May 19 12:15 'Задание 1.txt'

4)Перемещаем 3 файла в локальный репозиторий

MAKS@DESKTOP-1SB73TM MINGW64 /e/Course_VKsendzov/bash
$ mv HW1.txt HW1_additional.txt scrit.sh ./Course_VKsendzov_GIT/

5) Переходим в локальный репозиторий

MAKS@DESKTOP-1SB73TM MINGW64 /e/Course_VKsendzov/bash
$ cd Course_VKsendzov_GIT/

6) Проверяем содержимое локального репозитория

MAKS@DESKTOP-1SB73TM MINGW64 /e/Course_VKsendzov/bash/Course_VKsendzov_GIT (main)
$ ls -la
total 8194
drwxr-xr-x 1 MAKS 197121     0 May 27 10:38 ./
drwxr-xr-x 1 MAKS 197121     0 May 27 10:38 ../
drwxr-xr-x 1 MAKS 197121     0 May 27 10:35 .git/
-rw-r--r-- 1 MAKS 197121 12012 May 19 20:54 HW1.txt
-rw-r--r-- 1 MAKS 197121  1664 May 19 19:52 HW1_additional.txt
-rw-r--r-- 1 MAKS 197121    22 May 27 10:35 README.md
-rwxr-xr-x 1 MAKS 197121   307 May 19 17:19 scrit.sh*

7) Проверяем состояние локального репозитория

MAKS@DESKTOP-1SB73TM MINGW64 /e/Course_VKsendzov/bash/Course_VKsendzov_GIT (main)
$ git status
On branch main
Your branch is up to date with 'origin/main'.

Untracked files:
  (use "git add <file>..." to include in what will be committed)
        HW1.txt
        HW1_additional.txt
        scrit.sh

nothing added to commit but untracked files present (use "git add" to track)

8) Создаем снимок текущего состояния проекта (индексируем файлы)

MAKS@DESKTOP-1SB73TM MINGW64 /e/Course_VKsendzov/bash/Course_VKsendzov_GIT (main)
$ git add .

9) Проверяем состояние локального репозитория

MAKS@DESKTOP-1SB73TM MINGW64 /e/Course_VKsendzov/bash/Course_VKsendzov_GIT (main)
$ git status
On branch main
Your branch is up to date with 'origin/main'.

Changes to be committed:
  (use "git restore --staged <file>..." to unstage)
        new file:   HW1.txt
        new file:   HW1_additional.txt
        new file:   scrit.sh

10) Делаем снимок проиндексированых файлов и добавляем коментарий

MAKS@DESKTOP-1SB73TM MINGW64 /e/Course_VKsendzov/bash/Course_VKsendzov_GIT (main)
$ git commit -m 'First HomeWork'
[main 0586d78] First HomeWork
 3 files changed, 478 insertions(+)
 create mode 100644 HW1.txt
 create mode 100644 HW1_additional.txt
 create mode 100644 scrit.sh

11) Копируем проиндексированные файлы в удалённый репозиторий

MAKS@DESKTOP-1SB73TM MINGW64 /e/Course_VKsendzov/bash/Course_VKsendzov_GIT (main)
$ git push
Enumerating objects: 6, done.
Counting objects: 100% (6/6), done.
Delta compression using up to 2 threads
Compressing objects: 100% (5/5), done.
Writing objects: 100% (5/5), 3.08 KiB | 197.00 KiB/s, done.
Total 5 (delta 0), reused 0 (delta 0), pack-reused 0
To https://github.com/K-Maks/Course_VKsendzov_GIT.git
   c05f0df..0586d78  main -> main

12) Создаём файл

MAKS@DESKTOP-1SB73TM MINGW64 /e/Course_VKsendzov/bash/Course_VKsendzov_GIT (main)
$ touch Work_with_GITHUB.txt

13) Записываем в него шаги 1-11

MAKS@DESKTOP-1SB73TM MINGW64 /e/Course_VKsendzov/bash/Course_VKsendzov_GIT (main)
$ vim Work_with_GITHUB.txt


MAKS@DESKTOP-1SB73TM MINGW64 /e/Course_VKsendzov/bash/Course_VKsendzov_GIT (main)
$ git status
On branch main
Your branch is up to date with 'origin/main'.

Untracked files:
  (use "git add <file>..." to include in what will be committed)
        Work_with_GITHUB.txt

nothing added to commit but untracked files present (use "git add" to track)

14) Индексируем файл Work_with_GITHUB.txt

MAKS@DESKTOP-1SB73TM MINGW64 /e/Course_VKsendzov/bash/Course_VKsendzov_GIT (main)
$ git add Work_with_GITHUB.txt

15) Проверяем состояние локального репозитория

MAKS@DESKTOP-1SB73TM MINGW64 /e/Course_VKsendzov/bash/Course_VKsendzov_GIT (main)
$ git status
On branch main
Your branch is up to date with 'origin/main'.

Changes to be committed:
  (use "git restore --staged <file>..." to unstage)
        new file:   Work_with_GITHUB.txt

16) Делаем снимок проиндексированых файлов и добавляем коментарий

MAKS@DESKTOP-1SB73TM MINGW64 /e/Course_VKsendzov/bash/Course_VKsendzov_GIT (main)
$ git commit -m 'Activities with GITHUD'
[main c1ab5b7] Activities with GITHUD
 1 file changed, 115 insertions(+)
 create mode 100644 Work_with_GITHUB.txt

17) Добавляем файлы на удалённый репозиторий

MAKS@DESKTOP-1SB73TM MINGW64 /e/Course_VKsendzov/bash/Course_VKsendzov_GIT (main)
$ git push
Enumerating objects: 4, done.
Counting objects: 100% (4/4), done.
Delta compression using up to 2 threads
Compressing objects: 100% (3/3), done.
Writing objects: 100% (3/3), 1.56 KiB | 533.00 KiB/s, done.
Total 3 (delta 1), reused 0 (delta 0), pack-reused 0
remote: Resolving deltas: 100% (1/1), completed with 1 local object.
To https://github.com/K-Maks/Course_VKsendzov_GIT.git
   0586d78..c1ab5b7  main -> main

git fetch

git pull

